// Jest Snapshot v1, https://goo.gl/fbAQLP

exports[`AlbumDetailComponent renders as expected 1`] = `
<View>
  <Text
    accessible={true}
    allowFontScaling={true}
    ellipsizeMode="tail"
  >
    Taylor Swift
  </Text>
</View>
`;
