// Jest Snapshot v1, https://goo.gl/fbAQLP

exports[`AlbumListComponent renders as expected 1`] = `<View />`;
