// Jest Snapshot v1, https://goo.gl/fbAQLP

exports[`HeaderComponent renders as expected 1`] = `
<View
  style={
    Object {
      "alignItems": "center",
      "backgroundColor": "#f8f8f8",
      "elevation": 2,
      "height": 60,
      "justifyContent": "center",
      "paddingTop": 15,
      "position": "relative",
      "shadowColor": "#000",
      "shadowOffset": Object {
        "height": 2,
        "width": 0,
      },
      "shadowOpacity": 0.2,
    }
  }
>
  <Text
    accessible={true}
    allowFontScaling={true}
    ellipsizeMode="tail"
    style={
      Object {
        "fontSize": 20,
      }
    }
  >
    Test
  </Text>
</View>
`;
